// Jest Snapshot v1, https://goo.gl/fbAQLP

exports[`renders correctly 1`] = `
<div>
  <div>
    <div>
      item 1
    </div>
    <div>
      item 2
    </div>
    <div>
      item 3
    </div>
  </div>
  <button
    onClick={[Function]}
  >
    Add Item
  </button>
</div>
`;
